// Jest Snapshot v1, https://goo.gl/fbAQLP

exports[`renders correctly 1`] = `
<View
  accessible={true}
  collapsable={false}
  focusable={false}
  onClick={[Function]}
  onResponderGrant={[Function]}
  onResponderMove={[Function]}
  onResponderRelease={[Function]}
  onResponderTerminate={[Function]}
  onResponderTerminationRequest={[Function]}
  onStartShouldSetResponder={[Function]}
  style={
    Object {
      "alignItems": "center",
      "backgroundColor": "rgba(0, 0, 0, 0.05)",
      "borderRadius": 40,
      "justifyContent": "center",
      "opacity": 1,
      "width": 710,
    }
  }
>
  <Text
    style={
      Array [
        Object {
          "color": "#898A8D",
          "fontSize": 17,
          "fontWeight": "700",
          "paddingVertical": 12,
        },
        undefined,
      ]
    }
  >
     
    Apple
  </Text>
</View>
`;
