// Jest Snapshot v1, https://goo.gl/fbAQLP

exports[`renders correctly 1`] = `
<View
  style={
    Object {
      "flex": 1,
    }
  }
>
  <RCTScrollView
    contentContainerStyle={
      Object {
        "alignItems": "center",
        "backgroundColor": "#fff",
        "flex": 1,
        "paddingTop": 80,
      }
    }
  >
    <View>
      <Text
        style={
          Object {
            "fontSize": 20,
            "fontWeight": "bold",
          }
        }
      >
        LOGIN
      </Text>
      <View
        style={
          Array [
            Object {
              "marginTop": 20,
              "width": 690,
            },
          ]
        }
      >
        <Text
          style={
            Object {
              "color": "#000000",
              "fontWeight": "400",
              "marginVertical": 10,
            }
          }
        >
          Email
        </Text>
        <View
          style={
            Object {
              "backgroundColor": "#F2F2F7",
              "borderColor": "transparent",
              "borderRadius": 10,
              "borderWidth": 1,
              "height": 48,
              "paddingHorizontal": 10,
            }
          }
        >
          <View
            style={
              Object {
                "alignItems": "center",
                "flexDirection": "row",
              }
            }
          >
            <TextInput
              autoCapitalize="none"
              autoCorrect={false}
              multiline={false}
              onChangeText={[Function]}
              placeholder="Email address"
              placeholderTextColor="rgba(60, 60, 67, 0.3)"
              style={
                Object {
                  "color": "#060518",
                  "flex": 1,
                  "fontSize": 15,
                  "fontWeight": "normal",
                  "height": 48,
                  "padding": 0,
                }
              }
            />
          </View>
        </View>
        <View />
      </View>
      <View
        style={
          Array [
            Object {
              "marginTop": 20,
              "width": 690,
            },
          ]
        }
      >
        <Text
          style={
            Object {
              "color": "#000000",
              "fontWeight": "400",
              "marginVertical": 10,
            }
          }
        >
          Password
        </Text>
        <View
          style={
            Object {
              "backgroundColor": "#F2F2F7",
              "borderColor": "transparent",
              "borderRadius": 10,
              "borderWidth": 1,
              "height": 48,
              "paddingHorizontal": 10,
            }
          }
        >
          <View
            style={
              Object {
                "alignItems": "center",
                "flexDirection": "row",
              }
            }
          >
            <TextInput
              autoCapitalize="none"
              autoCorrect={false}
              multiline={false}
              onChangeText={[Function]}
              placeholder="Password"
              placeholderTextColor="rgba(60, 60, 67, 0.3)"
              secureTextEntry={true}
              style={
                Object {
                  "color": "#060518",
                  "flex": 1,
                  "fontSize": 15,
                  "fontWeight": "normal",
                  "height": 48,
                  "padding": 0,
                }
              }
            />
          </View>
        </View>
        <View />
      </View>
      <View
        accessibilityState={
          Object {
            "disabled": true,
          }
        }
        accessible={true}
        collapsable={false}
        focusable={true}
        onClick={[Function]}
        onResponderGrant={[Function]}
        onResponderMove={[Function]}
        onResponderRelease={[Function]}
        onResponderTerminate={[Function]}
        onResponderTerminationRequest={[Function]}
        onStartShouldSetResponder={[Function]}
        style={
          Object {
            "alignItems": "center",
            "backgroundColor": "#A8A8A8",
            "borderRadius": 40,
            "justifyContent": "center",
            "marginTop": 30,
            "opacity": 1,
            "width": 710,
          }
        }
      >
        <Text
          style={
            Array [
              Object {
                "color": "#898A8D",
                "fontSize": 17,
                "fontWeight": "700",
                "paddingVertical": 12,
              },
              Object {
                "color": "#898A8D",
              },
            ]
          }
        >
           
          Sign in
        </Text>
      </View>
    </View>
  </RCTScrollView>
</View>
`;
