// Jest Snapshot v1, https://goo.gl/fbAQLP

exports[`renders correctly 1`] = `
<View
  style={
    Array [
      undefined,
    ]
  }
>
  <View
    style={
      Object {
        "backgroundColor": "#F2F2F7",
        "borderColor": "transparent",
        "borderRadius": 10,
        "borderWidth": 1,
        "height": 48,
        "paddingHorizontal": 10,
      }
    }
  >
    <View
      style={
        Object {
          "alignItems": "center",
          "flexDirection": "row",
        }
      }
    >
      <TextInput
        autoCapitalize="none"
        autoCorrect={false}
        multiline={false}
        placeholderTextColor="rgba(60, 60, 67, 0.3)"
        style={
          Object {
            "color": "#060518",
            "flex": 1,
            "fontSize": 15,
            "fontWeight": "normal",
            "height": 48,
            "padding": 0,
          }
        }
      />
    </View>
  </View>
  <View />
</View>
`;
